<!doctype html public "-//w3c//dtd html 4.0 transitional//en">
<html><head>
<title>Static Call Graph - [.\Objects\Milestone3_Lab5.axf]</title></head>
<body><HR>
<H1>Static Call Graph for image .\Objects\Milestone3_Lab5.axf</H1><HR>
<BR><P>#&#060CALLGRAPH&#062# ARM Linker, 6230001: Last Updated: Mon Mar  2 17:35:16 2026
<BR><P>
<H3>Maximum Stack Usage =         96 bytes + Unknown(Cycles, Untraceable Function Pointers)</H3><H3>
Call chain for Maximum Stack Depth:</H3>
__rt_entry_main &rArr; main &rArr; bitconversion
<P>
<H3>
Mutually Recursive functions
</H3> <LI><a href="#[1]">NMI_Handler</a>&nbsp;&nbsp;&nbsp;&rArr;&nbsp;&nbsp;&nbsp;<a href="#[1]">NMI_Handler</a><BR>
 <LI><a href="#[2]">HardFault_Handler</a>&nbsp;&nbsp;&nbsp;&rArr;&nbsp;&nbsp;&nbsp;<a href="#[2]">HardFault_Handler</a><BR>
 <LI><a href="#[3]">MemManage_Handler</a>&nbsp;&nbsp;&nbsp;&rArr;&nbsp;&nbsp;&nbsp;<a href="#[3]">MemManage_Handler</a><BR>
 <LI><a href="#[4]">BusFault_Handler</a>&nbsp;&nbsp;&nbsp;&rArr;&nbsp;&nbsp;&nbsp;<a href="#[4]">BusFault_Handler</a><BR>
 <LI><a href="#[5]">UsageFault_Handler</a>&nbsp;&nbsp;&nbsp;&rArr;&nbsp;&nbsp;&nbsp;<a href="#[5]">UsageFault_Handler</a><BR>
 <LI><a href="#[6]">SVC_Handler</a>&nbsp;&nbsp;&nbsp;&rArr;&nbsp;&nbsp;&nbsp;<a href="#[6]">SVC_Handler</a><BR>
 <LI><a href="#[7]">DebugMon_Handler</a>&nbsp;&nbsp;&nbsp;&rArr;&nbsp;&nbsp;&nbsp;<a href="#[7]">DebugMon_Handler</a><BR>
 <LI><a href="#[8]">PendSV_Handler</a>&nbsp;&nbsp;&nbsp;&rArr;&nbsp;&nbsp;&nbsp;<a href="#[8]">PendSV_Handler</a><BR>
 <LI><a href="#[9]">SysTick_Handler</a>&nbsp;&nbsp;&nbsp;&rArr;&nbsp;&nbsp;&nbsp;<a href="#[9]">SysTick_Handler</a><BR>
 <LI><a href="#[18]">ADC0SS0_IRQHandler</a>&nbsp;&nbsp;&nbsp;&rArr;&nbsp;&nbsp;&nbsp;<a href="#[18]">ADC0SS0_IRQHandler</a><BR>
</UL>
<P>
<H3>
Function Pointers
</H3><UL>
 <LI><a href="#[18]">ADC0SS0_IRQHandler</a> from startup_msp432e401y_uvision.o(.text) referenced from startup_msp432e401y_uvision.o(RESET)
 <LI><a href="#[19]">ADC0SS1_IRQHandler</a> from startup_msp432e401y_uvision.o(.text) referenced from startup_msp432e401y_uvision.o(RESET)
 <LI><a href="#[1a]">ADC0SS2_IRQHandler</a> from startup_msp432e401y_uvision.o(.text) referenced from startup_msp432e401y_uvision.o(RESET)
 <LI><a href="#[1b]">ADC0SS3_IRQHandler</a> from startup_msp432e401y_uvision.o(.text) referenced from startup_msp432e401y_uvision.o(RESET)
 <LI><a href="#[38]">ADC1SS0_IRQHandler</a> from startup_msp432e401y_uvision.o(.text) referenced from startup_msp432e401y_uvision.o(RESET)
 <LI><a href="#[39]">ADC1SS1_IRQHandler</a> from startup_msp432e401y_uvision.o(.text) referenced from startup_msp432e401y_uvision.o(RESET)
 <LI><a href="#[3a]">ADC1SS2_IRQHandler</a> from startup_msp432e401y_uvision.o(.text) referenced from startup_msp432e401y_uvision.o(RESET)
 <LI><a href="#[3b]">ADC1SS3_IRQHandler</a> from startup_msp432e401y_uvision.o(.text) referenced from startup_msp432e401y_uvision.o(RESET)
 <LI><a href="#[64]">AES0_IRQHandler</a> from startup_msp432e401y_uvision.o(.text) referenced from startup_msp432e401y_uvision.o(RESET)
 <LI><a href="#[4]">BusFault_Handler</a> from startup_msp432e401y_uvision.o(.text) referenced from startup_msp432e401y_uvision.o(RESET)
 <LI><a href="#[30]">CAN0_IRQHandler</a> from startup_msp432e401y_uvision.o(.text) referenced from startup_msp432e401y_uvision.o(RESET)
 <LI><a href="#[31]">CAN1_IRQHandler</a> from startup_msp432e401y_uvision.o(.text) referenced from startup_msp432e401y_uvision.o(RESET)
 <LI><a href="#[23]">COMP0_IRQHandler</a> from startup_msp432e401y_uvision.o(.text) referenced from startup_msp432e401y_uvision.o(RESET)
 <LI><a href="#[24]">COMP1_IRQHandler</a> from startup_msp432e401y_uvision.o(.text) referenced from startup_msp432e401y_uvision.o(RESET)
 <LI><a href="#[25]">COMP2_IRQHandler</a> from startup_msp432e401y_uvision.o(.text) referenced from startup_msp432e401y_uvision.o(RESET)
 <LI><a href="#[65]">DES0_IRQHandler</a> from startup_msp432e401y_uvision.o(.text) referenced from startup_msp432e401y_uvision.o(RESET)
 <LI><a href="#[7]">DebugMon_Handler</a> from startup_msp432e401y_uvision.o(.text) referenced from startup_msp432e401y_uvision.o(RESET)
 <LI><a href="#[32]">EMAC0_IRQHandler</a> from startup_msp432e401y_uvision.o(.text) referenced from startup_msp432e401y_uvision.o(RESET)
 <LI><a href="#[3c]">EPI0_IRQHandler</a> from startup_msp432e401y_uvision.o(.text) referenced from startup_msp432e401y_uvision.o(RESET)
 <LI><a href="#[27]">FLASH_IRQHandler</a> from startup_msp432e401y_uvision.o(.text) referenced from startup_msp432e401y_uvision.o(RESET)
 <LI><a href="#[a]">GPIOA_IRQHandler</a> from startup_msp432e401y_uvision.o(.text) referenced from startup_msp432e401y_uvision.o(RESET)
 <LI><a href="#[b]">GPIOB_IRQHandler</a> from startup_msp432e401y_uvision.o(.text) referenced from startup_msp432e401y_uvision.o(RESET)
 <LI><a href="#[c]">GPIOC_IRQHandler</a> from startup_msp432e401y_uvision.o(.text) referenced from startup_msp432e401y_uvision.o(RESET)
 <LI><a href="#[d]">GPIOD_IRQHandler</a> from startup_msp432e401y_uvision.o(.text) referenced from startup_msp432e401y_uvision.o(RESET)
 <LI><a href="#[e]">GPIOE_IRQHandler</a> from startup_msp432e401y_uvision.o(.text) referenced from startup_msp432e401y_uvision.o(RESET)
 <LI><a href="#[28]">GPIOF_IRQHandler</a> from startup_msp432e401y_uvision.o(.text) referenced from startup_msp432e401y_uvision.o(RESET)
 <LI><a href="#[29]">GPIOG_IRQHandler</a> from startup_msp432e401y_uvision.o(.text) referenced from startup_msp432e401y_uvision.o(RESET)
 <LI><a href="#[2a]">GPIOH_IRQHandler</a> from startup_msp432e401y_uvision.o(.text) referenced from startup_msp432e401y_uvision.o(RESET)
 <LI><a href="#[3d]">GPIOJ_IRQHandler</a> from startup_msp432e401y_uvision.o(.text) referenced from startup_msp432e401y_uvision.o(RESET)
 <LI><a href="#[3e]">GPIOK_IRQHandler</a> from startup_msp432e401y_uvision.o(.text) referenced from startup_msp432e401y_uvision.o(RESET)
 <LI><a href="#[3f]">GPIOL_IRQHandler</a> from startup_msp432e401y_uvision.o(.text) referenced from startup_msp432e401y_uvision.o(RESET)
 <LI><a href="#[50]">GPIOM_IRQHandler</a> from startup_msp432e401y_uvision.o(.text) referenced from startup_msp432e401y_uvision.o(RESET)
 <LI><a href="#[51]">GPION_IRQHandler</a> from startup_msp432e401y_uvision.o(.text) referenced from startup_msp432e401y_uvision.o(RESET)
 <LI><a href="#[53]">GPIOP0_IRQHandler</a> from startup_msp432e401y_uvision.o(.text) referenced from startup_msp432e401y_uvision.o(RESET)
 <LI><a href="#[54]">GPIOP1_IRQHandler</a> from startup_msp432e401y_uvision.o(.text) referenced from startup_msp432e401y_uvision.o(RESET)
 <LI><a href="#[55]">GPIOP2_IRQHandler</a> from startup_msp432e401y_uvision.o(.text) referenced from startup_msp432e401y_uvision.o(RESET)
 <LI><a href="#[56]">GPIOP3_IRQHandler</a> from startup_msp432e401y_uvision.o(.text) referenced from startup_msp432e401y_uvision.o(RESET)
 <LI><a href="#[57]">GPIOP4_IRQHandler</a> from startup_msp432e401y_uvision.o(.text) referenced from startup_msp432e401y_uvision.o(RESET)
 <LI><a href="#[58]">GPIOP5_IRQHandler</a> from startup_msp432e401y_uvision.o(.text) referenced from startup_msp432e401y_uvision.o(RESET)
 <LI><a href="#[59]">GPIOP6_IRQHandler</a> from startup_msp432e401y_uvision.o(.text) referenced from startup_msp432e401y_uvision.o(RESET)
 <LI><a href="#[5a]">GPIOP7_IRQHandler</a> from startup_msp432e401y_uvision.o(.text) referenced from startup_msp432e401y_uvision.o(RESET)
 <LI><a href="#[5b]">GPIOQ0_IRQHandler</a> from startup_msp432e401y_uvision.o(.text) referenced from startup_msp432e401y_uvision.o(RESET)
 <LI><a href="#[5c]">GPIOQ1_IRQHandler</a> from startup_msp432e401y_uvision.o(.text) referenced from startup_msp432e401y_uvision.o(RESET)
 <LI><a href="#[5d]">GPIOQ2_IRQHandler</a> from startup_msp432e401y_uvision.o(.text) referenced from startup_msp432e401y_uvision.o(RESET)
 <LI><a href="#[5e]">GPIOQ3_IRQHandler</a> from startup_msp432e401y_uvision.o(.text) referenced from startup_msp432e401y_uvision.o(RESET)
 <LI><a href="#[5f]">GPIOQ4_IRQHandler</a> from startup_msp432e401y_uvision.o(.text) referenced from startup_msp432e401y_uvision.o(RESET)
 <LI><a href="#[60]">GPIOQ5_IRQHandler</a> from startup_msp432e401y_uvision.o(.text) referenced from startup_msp432e401y_uvision.o(RESET)
 <LI><a href="#[61]">GPIOQ6_IRQHandler</a> from startup_msp432e401y_uvision.o(.text) referenced from startup_msp432e401y_uvision.o(RESET)
 <LI><a href="#[62]">GPIOQ7_IRQHandler</a> from startup_msp432e401y_uvision.o(.text) referenced from startup_msp432e401y_uvision.o(RESET)
 <LI><a href="#[33]">HIBERNATE_IRQHandler</a> from startup_msp432e401y_uvision.o(.text) referenced from startup_msp432e401y_uvision.o(RESET)
 <LI><a href="#[2]">HardFault_Handler</a> from startup_msp432e401y_uvision.o(.text) referenced from startup_msp432e401y_uvision.o(RESET)
 <LI><a href="#[12]">I2C0_IRQHandler</a> from startup_msp432e401y_uvision.o(.text) referenced from startup_msp432e401y_uvision.o(RESET)
 <LI><a href="#[2f]">I2C1_IRQHandler</a> from startup_msp432e401y_uvision.o(.text) referenced from startup_msp432e401y_uvision.o(RESET)
 <LI><a href="#[47]">I2C2_IRQHandler</a> from startup_msp432e401y_uvision.o(.text) referenced from startup_msp432e401y_uvision.o(RESET)
 <LI><a href="#[48]">I2C3_IRQHandler</a> from startup_msp432e401y_uvision.o(.text) referenced from startup_msp432e401y_uvision.o(RESET)
 <LI><a href="#[4e]">I2C4_IRQHandler</a> from startup_msp432e401y_uvision.o(.text) referenced from startup_msp432e401y_uvision.o(RESET)
 <LI><a href="#[4f]">I2C5_IRQHandler</a> from startup_msp432e401y_uvision.o(.text) referenced from startup_msp432e401y_uvision.o(RESET)
 <LI><a href="#[6a]">I2C6_IRQHandler</a> from startup_msp432e401y_uvision.o(.text) referenced from startup_msp432e401y_uvision.o(RESET)
 <LI><a href="#[6b]">I2C7_IRQHandler</a> from startup_msp432e401y_uvision.o(.text) referenced from startup_msp432e401y_uvision.o(RESET)
 <LI><a href="#[6c]">I2C8_IRQHandler</a> from startup_msp432e401y_uvision.o(.text) referenced from startup_msp432e401y_uvision.o(RESET)
 <LI><a href="#[6d]">I2C9_IRQHandler</a> from startup_msp432e401y_uvision.o(.text) referenced from startup_msp432e401y_uvision.o(RESET)
 <LI><a href="#[3]">MemManage_Handler</a> from startup_msp432e401y_uvision.o(.text) referenced from startup_msp432e401y_uvision.o(RESET)
 <LI><a href="#[1]">NMI_Handler</a> from startup_msp432e401y_uvision.o(.text) referenced from startup_msp432e401y_uvision.o(RESET)
 <LI><a href="#[14]">PWM0_0_IRQHandler</a> from startup_msp432e401y_uvision.o(.text) referenced from startup_msp432e401y_uvision.o(RESET)
 <LI><a href="#[15]">PWM0_1_IRQHandler</a> from startup_msp432e401y_uvision.o(.text) referenced from startup_msp432e401y_uvision.o(RESET)
 <LI><a href="#[16]">PWM0_2_IRQHandler</a> from startup_msp432e401y_uvision.o(.text) referenced from startup_msp432e401y_uvision.o(RESET)
 <LI><a href="#[35]">PWM0_3_IRQHandler</a> from startup_msp432e401y_uvision.o(.text) referenced from startup_msp432e401y_uvision.o(RESET)
 <LI><a href="#[13]">PWM0_FAULT_IRQHandler</a> from startup_msp432e401y_uvision.o(.text) referenced from startup_msp432e401y_uvision.o(RESET)
 <LI><a href="#[8]">PendSV_Handler</a> from startup_msp432e401y_uvision.o(.text) referenced from startup_msp432e401y_uvision.o(RESET)
 <LI><a href="#[17]">QEI0_IRQHandler</a> from startup_msp432e401y_uvision.o(.text) referenced from startup_msp432e401y_uvision.o(RESET)
 <LI><a href="#[0]">Reset_Handler</a> from startup_msp432e401y_uvision.o(.text) referenced from startup_msp432e401y_uvision.o(RESET)
 <LI><a href="#[63]">SHA0_IRQHandler</a> from startup_msp432e401y_uvision.o(.text) referenced from startup_msp432e401y_uvision.o(RESET)
 <LI><a href="#[11]">SSI0_IRQHandler</a> from startup_msp432e401y_uvision.o(.text) referenced from startup_msp432e401y_uvision.o(RESET)
 <LI><a href="#[2c]">SSI1_IRQHandler</a> from startup_msp432e401y_uvision.o(.text) referenced from startup_msp432e401y_uvision.o(RESET)
 <LI><a href="#[40]">SSI2_IRQHandler</a> from startup_msp432e401y_uvision.o(.text) referenced from startup_msp432e401y_uvision.o(RESET)
 <LI><a href="#[41]">SSI3_IRQHandler</a> from startup_msp432e401y_uvision.o(.text) referenced from startup_msp432e401y_uvision.o(RESET)
 <LI><a href="#[6]">SVC_Handler</a> from startup_msp432e401y_uvision.o(.text) referenced from startup_msp432e401y_uvision.o(RESET)
 <LI><a href="#[26]">SYSCTL_IRQHandler</a> from startup_msp432e401y_uvision.o(.text) referenced from startup_msp432e401y_uvision.o(RESET)
 <LI><a href="#[4d]">SYSEXC_IRQHandler</a> from startup_msp432e401y_uvision.o(.text) referenced from startup_msp432e401y_uvision.o(RESET)
 <LI><a href="#[9]">SysTick_Handler</a> from startup_msp432e401y_uvision.o(.text) referenced from startup_msp432e401y_uvision.o(RESET)
 <LI><a href="#[6e]">SystemInit</a> from system_msp432e401y.o(.text.SystemInit) referenced from startup_msp432e401y_uvision.o(.text)
 <LI><a href="#[52]">TAMPER0_IRQHandler</a> from startup_msp432e401y_uvision.o(.text) referenced from startup_msp432e401y_uvision.o(RESET)
 <LI><a href="#[1d]">TIMER0A_IRQHandler</a> from startup_msp432e401y_uvision.o(.text) referenced from startup_msp432e401y_uvision.o(RESET)
 <LI><a href="#[1e]">TIMER0B_IRQHandler</a> from startup_msp432e401y_uvision.o(.text) referenced from startup_msp432e401y_uvision.o(RESET)
 <LI><a href="#[1f]">TIMER1A_IRQHandler</a> from startup_msp432e401y_uvision.o(.text) referenced from startup_msp432e401y_uvision.o(RESET)
 <LI><a href="#[20]">TIMER1B_IRQHandler</a> from startup_msp432e401y_uvision.o(.text) referenced from startup_msp432e401y_uvision.o(RESET)
 <LI><a href="#[21]">TIMER2A_IRQHandler</a> from startup_msp432e401y_uvision.o(.text) referenced from startup_msp432e401y_uvision.o(RESET)
 <LI><a href="#[22]">TIMER2B_IRQHandler</a> from startup_msp432e401y_uvision.o(.text) referenced from startup_msp432e401y_uvision.o(RESET)
 <LI><a href="#[2d]">TIMER3A_IRQHandler</a> from startup_msp432e401y_uvision.o(.text) referenced from startup_msp432e401y_uvision.o(RESET)
 <LI><a href="#[2e]">TIMER3B_IRQHandler</a> from startup_msp432e401y_uvision.o(.text) referenced from startup_msp432e401y_uvision.o(RESET)
 <LI><a href="#[49]">TIMER4A_IRQHandler</a> from startup_msp432e401y_uvision.o(.text) referenced from startup_msp432e401y_uvision.o(RESET)
 <LI><a href="#[4a]">TIMER4B_IRQHandler</a> from startup_msp432e401y_uvision.o(.text) referenced from startup_msp432e401y_uvision.o(RESET)
 <LI><a href="#[4b]">TIMER5A_IRQHandler</a> from startup_msp432e401y_uvision.o(.text) referenced from startup_msp432e401y_uvision.o(RESET)
 <LI><a href="#[4c]">TIMER5B_IRQHandler</a> from startup_msp432e401y_uvision.o(.text) referenced from startup_msp432e401y_uvision.o(RESET)
 <LI><a href="#[66]">TIMER6A_IRQHandler</a> from startup_msp432e401y_uvision.o(.text) referenced from startup_msp432e401y_uvision.o(RESET)
 <LI><a href="#[67]">TIMER6B_IRQHandler</a> from startup_msp432e401y_uvision.o(.text) referenced from startup_msp432e401y_uvision.o(RESET)
 <LI><a href="#[68]">TIMER7A_IRQHandler</a> from startup_msp432e401y_uvision.o(.text) referenced from startup_msp432e401y_uvision.o(RESET)
 <LI><a href="#[69]">TIMER7B_IRQHandler</a> from startup_msp432e401y_uvision.o(.text) referenced from startup_msp432e401y_uvision.o(RESET)
 <LI><a href="#[f]">UART0_IRQHandler</a> from startup_msp432e401y_uvision.o(.text) referenced from startup_msp432e401y_uvision.o(RESET)
 <LI><a href="#[10]">UART1_IRQHandler</a> from startup_msp432e401y_uvision.o(.text) referenced from startup_msp432e401y_uvision.o(RESET)
 <LI><a href="#[2b]">UART2_IRQHandler</a> from startup_msp432e401y_uvision.o(.text) referenced from startup_msp432e401y_uvision.o(RESET)
 <LI><a href="#[42]">UART3_IRQHandler</a> from startup_msp432e401y_uvision.o(.text) referenced from startup_msp432e401y_uvision.o(RESET)
 <LI><a href="#[43]">UART4_IRQHandler</a> from startup_msp432e401y_uvision.o(.text) referenced from startup_msp432e401y_uvision.o(RESET)
 <LI><a href="#[44]">UART5_IRQHandler</a> from startup_msp432e401y_uvision.o(.text) referenced from startup_msp432e401y_uvision.o(RESET)
 <LI><a href="#[45]">UART6_IRQHandler</a> from startup_msp432e401y_uvision.o(.text) referenced from startup_msp432e401y_uvision.o(RESET)
 <LI><a href="#[46]">UART7_IRQHandler</a> from startup_msp432e401y_uvision.o(.text) referenced from startup_msp432e401y_uvision.o(RESET)
 <LI><a href="#[37]">UDMAERR_IRQHandler</a> from startup_msp432e401y_uvision.o(.text) referenced from startup_msp432e401y_uvision.o(RESET)
 <LI><a href="#[36]">UDMA_IRQHandler</a> from startup_msp432e401y_uvision.o(.text) referenced from startup_msp432e401y_uvision.o(RESET)
 <LI><a href="#[34]">USB0_IRQHandler</a> from startup_msp432e401y_uvision.o(.text) referenced from startup_msp432e401y_uvision.o(RESET)
 <LI><a href="#[5]">UsageFault_Handler</a> from startup_msp432e401y_uvision.o(.text) referenced from startup_msp432e401y_uvision.o(RESET)
 <LI><a href="#[1c]">WATCHDOG_IRQHandler</a> from startup_msp432e401y_uvision.o(.text) referenced from startup_msp432e401y_uvision.o(RESET)
 <LI><a href="#[6f]">__main</a> from __main.o(!!!main) referenced from startup_msp432e401y_uvision.o(.text)
</UL>
<P>
<H3>
Global Symbols
</H3>
<P><STRONG><a name="[6f]"></a>__main</STRONG> (Thumb, 8 bytes, Stack size 0 bytes, __main.o(!!!main))
<BR><BR>[Calls]<UL><LI><a href="#[71]">&gt;&gt;</a>&nbsp;&nbsp;&nbsp;__scatterload
<LI><a href="#[72]">&gt;&gt;</a>&nbsp;&nbsp;&nbsp;__rt_entry
</UL>
<BR>[Address Reference Count : 1]<UL><LI> startup_msp432e401y_uvision.o(.text)
</UL>
<P><STRONG><a name="[71]"></a>__scatterload</STRONG> (Thumb, 0 bytes, Stack size unknown bytes, __scatter.o(!!!scatter))
<BR><BR>[Called By]<UL><LI><a href="#[6f]">&gt;&gt;</a>&nbsp;&nbsp;&nbsp;__main
</UL>

<P><STRONG><a name="[73]"></a>__scatterload_rt2</STRONG> (Thumb, 84 bytes, Stack size unknown bytes, __scatter.o(!!!scatter), UNUSED)
<BR><BR>[Calls]<UL><LI><a href="#[72]">&gt;&gt;</a>&nbsp;&nbsp;&nbsp;__rt_entry
</UL>

<P><STRONG><a name="[8a]"></a>__scatterload_rt2_thumb_only</STRONG> (Thumb, 0 bytes, Stack size unknown bytes, __scatter.o(!!!scatter), UNUSED)

<P><STRONG><a name="[8b]"></a>__scatterload_loop</STRONG> (Thumb, 0 bytes, Stack size unknown bytes, __scatter.o(!!!scatter), UNUSED)

<P><STRONG><a name="[74]"></a>__scatterload_copy</STRONG> (Thumb, 26 bytes, Stack size unknown bytes, __scatter_copy.o(!!handler_copy), UNUSED)
<BR><BR>[Calls]<UL><LI><a href="#[74]">&gt;&gt;</a>&nbsp;&nbsp;&nbsp;__scatterload_copy
</UL>
<BR>[Called By]<UL><LI><a href="#[74]">&gt;&gt;</a>&nbsp;&nbsp;&nbsp;__scatterload_copy
</UL>

<P><STRONG><a name="[8c]"></a>__scatterload_null</STRONG> (Thumb, 2 bytes, Stack size unknown bytes, __scatter.o(!!handler_null), UNUSED)

<P><STRONG><a name="[8d]"></a>__scatterload_zeroinit</STRONG> (Thumb, 28 bytes, Stack size unknown bytes, __scatter_zi.o(!!handler_zi), UNUSED)

<P><STRONG><a name="[7a]"></a>__rt_lib_init</STRONG> (Thumb, 0 bytes, Stack size unknown bytes, libinit.o(.ARM.Collect$$libinit$$00000000))
<BR><BR>[Called By]<UL><LI><a href="#[79]">&gt;&gt;</a>&nbsp;&nbsp;&nbsp;__rt_entry_li
</UL>

<P><STRONG><a name="[75]"></a>__rt_lib_init_fp_1</STRONG> (Thumb, 0 bytes, Stack size unknown bytes, libinit2.o(.ARM.Collect$$libinit$$00000001))
<BR><BR>[Calls]<UL><LI><a href="#[76]">&gt;&gt;</a>&nbsp;&nbsp;&nbsp;_fp_init
</UL>

<P><STRONG><a name="[8e]"></a>__rt_lib_init_alloca_1</STRONG> (Thumb, 0 bytes, Stack size unknown bytes, libinit2.o(.ARM.Collect$$libinit$$00000030))

<P><STRONG><a name="[8f]"></a>__rt_lib_init_argv_1</STRONG> (Thumb, 0 bytes, Stack size unknown bytes, libinit2.o(.ARM.Collect$$libinit$$0000002E))

<P><STRONG><a name="[90]"></a>__rt_lib_init_atexit_1</STRONG> (Thumb, 0 bytes, Stack size unknown bytes, libinit2.o(.ARM.Collect$$libinit$$0000001D))

<P><STRONG><a name="[91]"></a>__rt_lib_init_clock_1</STRONG> (Thumb, 0 bytes, Stack size unknown bytes, libinit2.o(.ARM.Collect$$libinit$$00000023))

<P><STRONG><a name="[92]"></a>__rt_lib_init_cpp_1</STRONG> (Thumb, 0 bytes, Stack size unknown bytes, libinit2.o(.ARM.Collect$$libinit$$00000034))

<P><STRONG><a name="[93]"></a>__rt_lib_init_exceptions_1</STRONG> (Thumb, 0 bytes, Stack size unknown bytes, libinit2.o(.ARM.Collect$$libinit$$00000032))

<P><STRONG><a name="[94]"></a>__rt_lib_init_fp_trap_1</STRONG> (Thumb, 0 bytes, Stack size unknown bytes, libinit2.o(.ARM.Collect$$libinit$$00000021))

<P><STRONG><a name="[95]"></a>__rt_lib_init_getenv_1</STRONG> (Thumb, 0 bytes, Stack size unknown bytes, libinit2.o(.ARM.Collect$$libinit$$00000025))

<P><STRONG><a name="[96]"></a>__rt_lib_init_heap_1</STRONG> (Thumb, 0 bytes, Stack size unknown bytes, libinit2.o(.ARM.Collect$$libinit$$0000000C))

<P><STRONG><a name="[97]"></a>__rt_lib_init_lc_collate_1</STRONG> (Thumb, 0 bytes, Stack size unknown bytes, libinit2.o(.ARM.Collect$$libinit$$00000013))

<P><STRONG><a name="[98]"></a>__rt_lib_init_lc_ctype_1</STRONG> (Thumb, 0 bytes, Stack size unknown bytes, libinit2.o(.ARM.Collect$$libinit$$00000015))

<P><STRONG><a name="[99]"></a>__rt_lib_init_lc_monetary_1</STRONG> (Thumb, 0 bytes, Stack size unknown bytes, libinit2.o(.ARM.Collect$$libinit$$00000017))

<P><STRONG><a name="[9a]"></a>__rt_lib_init_lc_numeric_1</STRONG> (Thumb, 0 bytes, Stack size unknown bytes, libinit2.o(.ARM.Collect$$libinit$$00000019))

<P><STRONG><a name="[9b]"></a>__rt_lib_init_lc_time_1</STRONG> (Thumb, 0 bytes, Stack size unknown bytes, libinit2.o(.ARM.Collect$$libinit$$0000001B))

<P><STRONG><a name="[9c]"></a>__rt_lib_init_preinit_1</STRONG> (Thumb, 0 bytes, Stack size unknown bytes, libinit2.o(.ARM.Collect$$libinit$$00000006))

<P><STRONG><a name="[9d]"></a>__rt_lib_init_rand_1</STRONG> (Thumb, 0 bytes, Stack size unknown bytes, libinit2.o(.ARM.Collect$$libinit$$00000010))

<P><STRONG><a name="[9e]"></a>__rt_lib_init_relocate_pie_1</STRONG> (Thumb, 0 bytes, Stack size unknown bytes, libinit2.o(.ARM.Collect$$libinit$$00000004))

<P><STRONG><a name="[9f]"></a>__rt_lib_init_return</STRONG> (Thumb, 0 bytes, Stack size unknown bytes, libinit2.o(.ARM.Collect$$libinit$$00000035))

<P><STRONG><a name="[a0]"></a>__rt_lib_init_signal_1</STRONG> (Thumb, 0 bytes, Stack size unknown bytes, libinit2.o(.ARM.Collect$$libinit$$0000001F))

<P><STRONG><a name="[a1]"></a>__rt_lib_init_stdio_1</STRONG> (Thumb, 0 bytes, Stack size unknown bytes, libinit2.o(.ARM.Collect$$libinit$$00000027))

<P><STRONG><a name="[a2]"></a>__rt_lib_init_user_alloc_1</STRONG> (Thumb, 0 bytes, Stack size unknown bytes, libinit2.o(.ARM.Collect$$libinit$$0000000E))

<P><STRONG><a name="[7f]"></a>__rt_lib_shutdown</STRONG> (Thumb, 0 bytes, Stack size unknown bytes, libshutdown.o(.ARM.Collect$$libshutdown$$00000000))
<BR><BR>[Called By]<UL><LI><a href="#[7e]">&gt;&gt;</a>&nbsp;&nbsp;&nbsp;__rt_exit_ls
</UL>

<P><STRONG><a name="[a3]"></a>__rt_lib_shutdown_cpp_1</STRONG> (Thumb, 0 bytes, Stack size unknown bytes, libshutdown2.o(.ARM.Collect$$libshutdown$$00000002))

<P><STRONG><a name="[a4]"></a>__rt_lib_shutdown_fp_trap_1</STRONG> (Thumb, 0 bytes, Stack size unknown bytes, libshutdown2.o(.ARM.Collect$$libshutdown$$00000007))

<P><STRONG><a name="[a5]"></a>__rt_lib_shutdown_heap_1</STRONG> (Thumb, 0 bytes, Stack size unknown bytes, libshutdown2.o(.ARM.Collect$$libshutdown$$0000000F))

<P><STRONG><a name="[a6]"></a>__rt_lib_shutdown_return</STRONG> (Thumb, 0 bytes, Stack size unknown bytes, libshutdown2.o(.ARM.Collect$$libshutdown$$00000010))

<P><STRONG><a name="[a7]"></a>__rt_lib_shutdown_signal_1</STRONG> (Thumb, 0 bytes, Stack size unknown bytes, libshutdown2.o(.ARM.Collect$$libshutdown$$0000000A))

<P><STRONG><a name="[a8]"></a>__rt_lib_shutdown_stdio_1</STRONG> (Thumb, 0 bytes, Stack size unknown bytes, libshutdown2.o(.ARM.Collect$$libshutdown$$00000004))

<P><STRONG><a name="[a9]"></a>__rt_lib_shutdown_user_alloc_1</STRONG> (Thumb, 0 bytes, Stack size unknown bytes, libshutdown2.o(.ARM.Collect$$libshutdown$$0000000C))

<P><STRONG><a name="[72]"></a>__rt_entry</STRONG> (Thumb, 0 bytes, Stack size unknown bytes, __rtentry.o(.ARM.Collect$$rtentry$$00000000))
<BR><BR>[Called By]<UL><LI><a href="#[73]">&gt;&gt;</a>&nbsp;&nbsp;&nbsp;__scatterload_rt2
<LI><a href="#[6f]">&gt;&gt;</a>&nbsp;&nbsp;&nbsp;__main
</UL>

<P><STRONG><a name="[aa]"></a>__rt_entry_presh_1</STRONG> (Thumb, 0 bytes, Stack size unknown bytes, __rtentry2.o(.ARM.Collect$$rtentry$$00000002))

<P><STRONG><a name="[77]"></a>__rt_entry_sh</STRONG> (Thumb, 0 bytes, Stack size unknown bytes, __rtentry4.o(.ARM.Collect$$rtentry$$00000004))
<BR><BR>[Stack]<UL><LI>Max Depth = 8 + Unknown Stack Size
<LI>Call Chain = __rt_entry_sh &rArr; __user_setup_stackheap
</UL>
<BR>[Calls]<UL><LI><a href="#[78]">&gt;&gt;</a>&nbsp;&nbsp;&nbsp;__user_setup_stackheap
</UL>

<P><STRONG><a name="[79]"></a>__rt_entry_li</STRONG> (Thumb, 0 bytes, Stack size unknown bytes, __rtentry2.o(.ARM.Collect$$rtentry$$0000000A))
<BR><BR>[Calls]<UL><LI><a href="#[7a]">&gt;&gt;</a>&nbsp;&nbsp;&nbsp;__rt_lib_init
</UL>

<P><STRONG><a name="[ab]"></a>__rt_entry_postsh_1</STRONG> (Thumb, 0 bytes, Stack size unknown bytes, __rtentry2.o(.ARM.Collect$$rtentry$$00000009))

<P><STRONG><a name="[7b]"></a>__rt_entry_main</STRONG> (Thumb, 0 bytes, Stack size unknown bytes, __rtentry2.o(.ARM.Collect$$rtentry$$0000000D))
<BR><BR>[Stack]<UL><LI>Max Depth = 96 + Unknown Stack Size
<LI>Call Chain = __rt_entry_main &rArr; main &rArr; bitconversion
</UL>
<BR>[Calls]<UL><LI><a href="#[7d]">&gt;&gt;</a>&nbsp;&nbsp;&nbsp;exit
<LI><a href="#[7c]">&gt;&gt;</a>&nbsp;&nbsp;&nbsp;main
</UL>

<P><STRONG><a name="[ac]"></a>__rt_entry_postli_1</STRONG> (Thumb, 0 bytes, Stack size unknown bytes, __rtentry2.o(.ARM.Collect$$rtentry$$0000000C))

<P><STRONG><a name="[83]"></a>__rt_exit</STRONG> (Thumb, 0 bytes, Stack size unknown bytes, rtexit.o(.ARM.Collect$$rtexit$$00000000))
<BR><BR>[Called By]<UL><LI><a href="#[7d]">&gt;&gt;</a>&nbsp;&nbsp;&nbsp;exit
</UL>

<P><STRONG><a name="[7e]"></a>__rt_exit_ls</STRONG> (Thumb, 0 bytes, Stack size unknown bytes, rtexit2.o(.ARM.Collect$$rtexit$$00000003))
<BR><BR>[Calls]<UL><LI><a href="#[7f]">&gt;&gt;</a>&nbsp;&nbsp;&nbsp;__rt_lib_shutdown
</UL>

<P><STRONG><a name="[ad]"></a>__rt_exit_prels_1</STRONG> (Thumb, 0 bytes, Stack size unknown bytes, rtexit2.o(.ARM.Collect$$rtexit$$00000002))

<P><STRONG><a name="[80]"></a>__rt_exit_exit</STRONG> (Thumb, 0 bytes, Stack size unknown bytes, rtexit2.o(.ARM.Collect$$rtexit$$00000004))
<BR><BR>[Calls]<UL><LI><a href="#[81]">&gt;&gt;</a>&nbsp;&nbsp;&nbsp;_sys_exit
</UL>

<P><STRONG><a name="[0]"></a>Reset_Handler</STRONG> (Thumb, 8 bytes, Stack size 0 bytes, startup_msp432e401y_uvision.o(.text))
<BR>[Address Reference Count : 1]<UL><LI> startup_msp432e401y_uvision.o(RESET)
</UL>
<P><STRONG><a name="[1]"></a>NMI_Handler</STRONG> (Thumb, 2 bytes, Stack size 0 bytes, startup_msp432e401y_uvision.o(.text))
<BR><BR>[Calls]<UL><LI><a href="#[1]">&gt;&gt;</a>&nbsp;&nbsp;&nbsp;NMI_Handler
</UL>
<BR>[Called By]<UL><LI><a href="#[1]">&gt;&gt;</a>&nbsp;&nbsp;&nbsp;NMI_Handler
</UL>
<BR>[Address Reference Count : 1]<UL><LI> startup_msp432e401y_uvision.o(RESET)
</UL>
<P><STRONG><a name="[2]"></a>HardFault_Handler</STRONG> (Thumb, 2 bytes, Stack size 0 bytes, startup_msp432e401y_uvision.o(.text))
<BR><BR>[Calls]<UL><LI><a href="#[2]">&gt;&gt;</a>&nbsp;&nbsp;&nbsp;HardFault_Handler
</UL>
<BR>[Called By]<UL><LI><a href="#[2]">&gt;&gt;</a>&nbsp;&nbsp;&nbsp;HardFault_Handler
</UL>
<BR>[Address Reference Count : 1]<UL><LI> startup_msp432e401y_uvision.o(RESET)
</UL>
<P><STRONG><a name="[3]"></a>MemManage_Handler</STRONG> (Thumb, 2 bytes, Stack size 0 bytes, startup_msp432e401y_uvision.o(.text))
<BR><BR>[Calls]<UL><LI><a href="#[3]">&gt;&gt;</a>&nbsp;&nbsp;&nbsp;MemManage_Handler
</UL>
<BR>[Called By]<UL><LI><a href="#[3]">&gt;&gt;</a>&nbsp;&nbsp;&nbsp;MemManage_Handler
</UL>
<BR>[Address Reference Count : 1]<UL><LI> startup_msp432e401y_uvision.o(RESET)
</UL>
<P><STRONG><a name="[4]"></a>BusFault_Handler</STRONG> (Thumb, 2 bytes, Stack size 0 bytes, startup_msp432e401y_uvision.o(.text))
<BR><BR>[Calls]<UL><LI><a href="#[4]">&gt;&gt;</a>&nbsp;&nbsp;&nbsp;BusFault_Handler
</UL>
<BR>[Called By]<UL><LI><a href="#[4]">&gt;&gt;</a>&nbsp;&nbsp;&nbsp;BusFault_Handler
</UL>
<BR>[Address Reference Count : 1]<UL><LI> startup_msp432e401y_uvision.o(RESET)
</UL>
<P><STRONG><a name="[5]"></a>UsageFault_Handler</STRONG> (Thumb, 2 bytes, Stack size 0 bytes, startup_msp432e401y_uvision.o(.text))
<BR><BR>[Calls]<UL><LI><a href="#[5]">&gt;&gt;</a>&nbsp;&nbsp;&nbsp;UsageFault_Handler
</UL>
<BR>[Called By]<UL><LI><a href="#[5]">&gt;&gt;</a>&nbsp;&nbsp;&nbsp;UsageFault_Handler
</UL>
<BR>[Address Reference Count : 1]<UL><LI> startup_msp432e401y_uvision.o(RESET)
</UL>
<P><STRONG><a name="[6]"></a>SVC_Handler</STRONG> (Thumb, 2 bytes, Stack size 0 bytes, startup_msp432e401y_uvision.o(.text))
<BR><BR>[Calls]<UL><LI><a href="#[6]">&gt;&gt;</a>&nbsp;&nbsp;&nbsp;SVC_Handler
</UL>
<BR>[Called By]<UL><LI><a href="#[6]">&gt;&gt;</a>&nbsp;&nbsp;&nbsp;SVC_Handler
</UL>
<BR>[Address Reference Count : 1]<UL><LI> startup_msp432e401y_uvision.o(RESET)
</UL>
<P><STRONG><a name="[7]"></a>DebugMon_Handler</STRONG> (Thumb, 2 bytes, Stack size 0 bytes, startup_msp432e401y_uvision.o(.text))
<BR><BR>[Calls]<UL><LI><a href="#[7]">&gt;&gt;</a>&nbsp;&nbsp;&nbsp;DebugMon_Handler
</UL>
<BR>[Called By]<UL><LI><a href="#[7]">&gt;&gt;</a>&nbsp;&nbsp;&nbsp;DebugMon_Handler
</UL>
<BR>[Address Reference Count : 1]<UL><LI> startup_msp432e401y_uvision.o(RESET)
</UL>
<P><STRONG><a name="[8]"></a>PendSV_Handler</STRONG> (Thumb, 2 bytes, Stack size 0 bytes, startup_msp432e401y_uvision.o(.text))
<BR><BR>[Calls]<UL><LI><a href="#[8]">&gt;&gt;</a>&nbsp;&nbsp;&nbsp;PendSV_Handler
</UL>
<BR>[Called By]<UL><LI><a href="#[8]">&gt;&gt;</a>&nbsp;&nbsp;&nbsp;PendSV_Handler
</UL>
<BR>[Address Reference Count : 1]<UL><LI> startup_msp432e401y_uvision.o(RESET)
</UL>
<P><STRONG><a name="[9]"></a>SysTick_Handler</STRONG> (Thumb, 2 bytes, Stack size 0 bytes, startup_msp432e401y_uvision.o(.text))
<BR><BR>[Calls]<UL><LI><a href="#[9]">&gt;&gt;</a>&nbsp;&nbsp;&nbsp;SysTick_Handler
</UL>
<BR>[Called By]<UL><LI><a href="#[9]">&gt;&gt;</a>&nbsp;&nbsp;&nbsp;SysTick_Handler
</UL>
<BR>[Address Reference Count : 1]<UL><LI> startup_msp432e401y_uvision.o(RESET)
</UL>
<P><STRONG><a name="[18]"></a>ADC0SS0_IRQHandler</STRONG> (Thumb, 0 bytes, Stack size 0 bytes, startup_msp432e401y_uvision.o(.text))
<BR><BR>[Calls]<UL><LI><a href="#[18]">&gt;&gt;</a>&nbsp;&nbsp;&nbsp;ADC0SS0_IRQHandler
</UL>
<BR>[Called By]<UL><LI><a href="#[18]">&gt;&gt;</a>&nbsp;&nbsp;&nbsp;ADC0SS0_IRQHandler
</UL>
<BR>[Address Reference Count : 1]<UL><LI> startup_msp432e401y_uvision.o(RESET)
</UL>
<P><STRONG><a name="[19]"></a>ADC0SS1_IRQHandler</STRONG> (Thumb, 0 bytes, Stack size 0 bytes, startup_msp432e401y_uvision.o(.text))
<BR>[Address Reference Count : 1]<UL><LI> startup_msp432e401y_uvision.o(RESET)
</UL>
<P><STRONG><a name="[1a]"></a>ADC0SS2_IRQHandler</STRONG> (Thumb, 0 bytes, Stack size 0 bytes, startup_msp432e401y_uvision.o(.text))
<BR>[Address Reference Count : 1]<UL><LI> startup_msp432e401y_uvision.o(RESET)
</UL>
<P><STRONG><a name="[1b]"></a>ADC0SS3_IRQHandler</STRONG> (Thumb, 0 bytes, Stack size 0 bytes, startup_msp432e401y_uvision.o(.text))
<BR>[Address Reference Count : 1]<UL><LI> startup_msp432e401y_uvision.o(RESET)
</UL>
<P><STRONG><a name="[38]"></a>ADC1SS0_IRQHandler</STRONG> (Thumb, 0 bytes, Stack size 0 bytes, startup_msp432e401y_uvision.o(.text))
<BR>[Address Reference Count : 1]<UL><LI> startup_msp432e401y_uvision.o(RESET)
</UL>
<P><STRONG><a name="[39]"></a>ADC1SS1_IRQHandler</STRONG> (Thumb, 0 bytes, Stack size 0 bytes, startup_msp432e401y_uvision.o(.text))
<BR>[Address Reference Count : 1]<UL><LI> startup_msp432e401y_uvision.o(RESET)
</UL>
<P><STRONG><a name="[3a]"></a>ADC1SS2_IRQHandler</STRONG> (Thumb, 0 bytes, Stack size 0 bytes, startup_msp432e401y_uvision.o(.text))
<BR>[Address Reference Count : 1]<UL><LI> startup_msp432e401y_uvision.o(RESET)
</UL>
<P><STRONG><a name="[3b]"></a>ADC1SS3_IRQHandler</STRONG> (Thumb, 0 bytes, Stack size 0 bytes, startup_msp432e401y_uvision.o(.text))
<BR>[Address Reference Count : 1]<UL><LI> startup_msp432e401y_uvision.o(RESET)
</UL>
<P><STRONG><a name="[64]"></a>AES0_IRQHandler</STRONG> (Thumb, 0 bytes, Stack size 0 bytes, startup_msp432e401y_uvision.o(.text))
<BR>[Address Reference Count : 1]<UL><LI> startup_msp432e401y_uvision.o(RESET)
</UL>
<P><STRONG><a name="[30]"></a>CAN0_IRQHandler</STRONG> (Thumb, 0 bytes, Stack size 0 bytes, startup_msp432e401y_uvision.o(.text))
<BR>[Address Reference Count : 1]<UL><LI> startup_msp432e401y_uvision.o(RESET)
</UL>
<P><STRONG><a name="[31]"></a>CAN1_IRQHandler</STRONG> (Thumb, 0 bytes, Stack size 0 bytes, startup_msp432e401y_uvision.o(.text))
<BR>[Address Reference Count : 1]<UL><LI> startup_msp432e401y_uvision.o(RESET)
</UL>
<P><STRONG><a name="[23]"></a>COMP0_IRQHandler</STRONG> (Thumb, 0 bytes, Stack size 0 bytes, startup_msp432e401y_uvision.o(.text))
<BR>[Address Reference Count : 1]<UL><LI> startup_msp432e401y_uvision.o(RESET)
</UL>
<P><STRONG><a name="[24]"></a>COMP1_IRQHandler</STRONG> (Thumb, 0 bytes, Stack size 0 bytes, startup_msp432e401y_uvision.o(.text))
<BR>[Address Reference Count : 1]<UL><LI> startup_msp432e401y_uvision.o(RESET)
</UL>
<P><STRONG><a name="[25]"></a>COMP2_IRQHandler</STRONG> (Thumb, 0 bytes, Stack size 0 bytes, startup_msp432e401y_uvision.o(.text))
<BR>[Address Reference Count : 1]<UL><LI> startup_msp432e401y_uvision.o(RESET)
</UL>
<P><STRONG><a name="[65]"></a>DES0_IRQHandler</STRONG> (Thumb, 0 bytes, Stack size 0 bytes, startup_msp432e401y_uvision.o(.text))
<BR>[Address Reference Count : 1]<UL><LI> startup_msp432e401y_uvision.o(RESET)
</UL>
<P><STRONG><a name="[32]"></a>EMAC0_IRQHandler</STRONG> (Thumb, 0 bytes, Stack size 0 bytes, startup_msp432e401y_uvision.o(.text))
<BR>[Address Reference Count : 1]<UL><LI> startup_msp432e401y_uvision.o(RESET)
</UL>
<P><STRONG><a name="[3c]"></a>EPI0_IRQHandler</STRONG> (Thumb, 0 bytes, Stack size 0 bytes, startup_msp432e401y_uvision.o(.text))
<BR>[Address Reference Count : 1]<UL><LI> startup_msp432e401y_uvision.o(RESET)
</UL>
<P><STRONG><a name="[27]"></a>FLASH_IRQHandler</STRONG> (Thumb, 0 bytes, Stack size 0 bytes, startup_msp432e401y_uvision.o(.text))
<BR>[Address Reference Count : 1]<UL><LI> startup_msp432e401y_uvision.o(RESET)
</UL>
<P><STRONG><a name="[a]"></a>GPIOA_IRQHandler</STRONG> (Thumb, 0 bytes, Stack size 0 bytes, startup_msp432e401y_uvision.o(.text))
<BR>[Address Reference Count : 1]<UL><LI> startup_msp432e401y_uvision.o(RESET)
</UL>
<P><STRONG><a name="[b]"></a>GPIOB_IRQHandler</STRONG> (Thumb, 0 bytes, Stack size 0 bytes, startup_msp432e401y_uvision.o(.text))
<BR>[Address Reference Count : 1]<UL><LI> startup_msp432e401y_uvision.o(RESET)
</UL>
<P><STRONG><a name="[c]"></a>GPIOC_IRQHandler</STRONG> (Thumb, 0 bytes, Stack size 0 bytes, startup_msp432e401y_uvision.o(.text))
<BR>[Address Reference Count : 1]<UL><LI> startup_msp432e401y_uvision.o(RESET)
</UL>
<P><STRONG><a name="[d]"></a>GPIOD_IRQHandler</STRONG> (Thumb, 0 bytes, Stack size 0 bytes, startup_msp432e401y_uvision.o(.text))
<BR>[Address Reference Count : 1]<UL><LI> startup_msp432e401y_uvision.o(RESET)
</UL>
<P><STRONG><a name="[e]"></a>GPIOE_IRQHandler</STRONG> (Thumb, 0 bytes, Stack size 0 bytes, startup_msp432e401y_uvision.o(.text))
<BR>[Address Reference Count : 1]<UL><LI> startup_msp432e401y_uvision.o(RESET)
</UL>
<P><STRONG><a name="[28]"></a>GPIOF_IRQHandler</STRONG> (Thumb, 0 bytes, Stack size 0 bytes, startup_msp432e401y_uvision.o(.text))
<BR>[Address Reference Count : 1]<UL><LI> startup_msp432e401y_uvision.o(RESET)
</UL>
<P><STRONG><a name="[29]"></a>GPIOG_IRQHandler</STRONG> (Thumb, 0 bytes, Stack size 0 bytes, startup_msp432e401y_uvision.o(.text))
<BR>[Address Reference Count : 1]<UL><LI> startup_msp432e401y_uvision.o(RESET)
</UL>
<P><STRONG><a name="[2a]"></a>GPIOH_IRQHandler</STRONG> (Thumb, 0 bytes, Stack size 0 bytes, startup_msp432e401y_uvision.o(.text))
<BR>[Address Reference Count : 1]<UL><LI> startup_msp432e401y_uvision.o(RESET)
</UL>
<P><STRONG><a name="[3d]"></a>GPIOJ_IRQHandler</STRONG> (Thumb, 0 bytes, Stack size 0 bytes, startup_msp432e401y_uvision.o(.text))
<BR>[Address Reference Count : 1]<UL><LI> startup_msp432e401y_uvision.o(RESET)
</UL>
<P><STRONG><a name="[3e]"></a>GPIOK_IRQHandler</STRONG> (Thumb, 0 bytes, Stack size 0 bytes, startup_msp432e401y_uvision.o(.text))
<BR>[Address Reference Count : 1]<UL><LI> startup_msp432e401y_uvision.o(RESET)
</UL>
<P><STRONG><a name="[3f]"></a>GPIOL_IRQHandler</STRONG> (Thumb, 0 bytes, Stack size 0 bytes, startup_msp432e401y_uvision.o(.text))
<BR>[Address Reference Count : 1]<UL><LI> startup_msp432e401y_uvision.o(RESET)
</UL>
<P><STRONG><a name="[50]"></a>GPIOM_IRQHandler</STRONG> (Thumb, 0 bytes, Stack size 0 bytes, startup_msp432e401y_uvision.o(.text))
<BR>[Address Reference Count : 1]<UL><LI> startup_msp432e401y_uvision.o(RESET)
</UL>
<P><STRONG><a name="[51]"></a>GPION_IRQHandler</STRONG> (Thumb, 0 bytes, Stack size 0 bytes, startup_msp432e401y_uvision.o(.text))
<BR>[Address Reference Count : 1]<UL><LI> startup_msp432e401y_uvision.o(RESET)
</UL>
<P><STRONG><a name="[53]"></a>GPIOP0_IRQHandler</STRONG> (Thumb, 0 bytes, Stack size 0 bytes, startup_msp432e401y_uvision.o(.text))
<BR>[Address Reference Count : 1]<UL><LI> startup_msp432e401y_uvision.o(RESET)
</UL>
<P><STRONG><a name="[54]"></a>GPIOP1_IRQHandler</STRONG> (Thumb, 0 bytes, Stack size 0 bytes, startup_msp432e401y_uvision.o(.text))
<BR>[Address Reference Count : 1]<UL><LI> startup_msp432e401y_uvision.o(RESET)
</UL>
<P><STRONG><a name="[55]"></a>GPIOP2_IRQHandler</STRONG> (Thumb, 0 bytes, Stack size 0 bytes, startup_msp432e401y_uvision.o(.text))
<BR>[Address Reference Count : 1]<UL><LI> startup_msp432e401y_uvision.o(RESET)
</UL>
<P><STRONG><a name="[56]"></a>GPIOP3_IRQHandler</STRONG> (Thumb, 0 bytes, Stack size 0 bytes, startup_msp432e401y_uvision.o(.text))
<BR>[Address Reference Count : 1]<UL><LI> startup_msp432e401y_uvision.o(RESET)
</UL>
<P><STRONG><a name="[57]"></a>GPIOP4_IRQHandler</STRONG> (Thumb, 0 bytes, Stack size 0 bytes, startup_msp432e401y_uvision.o(.text))
<BR>[Address Reference Count : 1]<UL><LI> startup_msp432e401y_uvision.o(RESET)
</UL>
<P><STRONG><a name="[58]"></a>GPIOP5_IRQHandler</STRONG> (Thumb, 0 bytes, Stack size 0 bytes, startup_msp432e401y_uvision.o(.text))
<BR>[Address Reference Count : 1]<UL><LI> startup_msp432e401y_uvision.o(RESET)
</UL>
<P><STRONG><a name="[59]"></a>GPIOP6_IRQHandler</STRONG> (Thumb, 0 bytes, Stack size 0 bytes, startup_msp432e401y_uvision.o(.text))
<BR>[Address Reference Count : 1]<UL><LI> startup_msp432e401y_uvision.o(RESET)
</UL>
<P><STRONG><a name="[5a]"></a>GPIOP7_IRQHandler</STRONG> (Thumb, 0 bytes, Stack size 0 bytes, startup_msp432e401y_uvision.o(.text))
<BR>[Address Reference Count : 1]<UL><LI> startup_msp432e401y_uvision.o(RESET)
</UL>
<P><STRONG><a name="[5b]"></a>GPIOQ0_IRQHandler</STRONG> (Thumb, 0 bytes, Stack size 0 bytes, startup_msp432e401y_uvision.o(.text))
<BR>[Address Reference Count : 1]<UL><LI> startup_msp432e401y_uvision.o(RESET)
</UL>
<P><STRONG><a name="[5c]"></a>GPIOQ1_IRQHandler</STRONG> (Thumb, 0 bytes, Stack size 0 bytes, startup_msp432e401y_uvision.o(.text))
<BR>[Address Reference Count : 1]<UL><LI> startup_msp432e401y_uvision.o(RESET)
</UL>
<P><STRONG><a name="[5d]"></a>GPIOQ2_IRQHandler</STRONG> (Thumb, 0 bytes, Stack size 0 bytes, startup_msp432e401y_uvision.o(.text))
<BR>[Address Reference Count : 1]<UL><LI> startup_msp432e401y_uvision.o(RESET)
</UL>
<P><STRONG><a name="[5e]"></a>GPIOQ3_IRQHandler</STRONG> (Thumb, 0 bytes, Stack size 0 bytes, startup_msp432e401y_uvision.o(.text))
<BR>[Address Reference Count : 1]<UL><LI> startup_msp432e401y_uvision.o(RESET)
</UL>
<P><STRONG><a name="[5f]"></a>GPIOQ4_IRQHandler</STRONG> (Thumb, 0 bytes, Stack size 0 bytes, startup_msp432e401y_uvision.o(.text))
<BR>[Address Reference Count : 1]<UL><LI> startup_msp432e401y_uvision.o(RESET)
</UL>
<P><STRONG><a name="[60]"></a>GPIOQ5_IRQHandler</STRONG> (Thumb, 0 bytes, Stack size 0 bytes, startup_msp432e401y_uvision.o(.text))
<BR>[Address Reference Count : 1]<UL><LI> startup_msp432e401y_uvision.o(RESET)
</UL>
<P><STRONG><a name="[61]"></a>GPIOQ6_IRQHandler</STRONG> (Thumb, 0 bytes, Stack size 0 bytes, startup_msp432e401y_uvision.o(.text))
<BR>[Address Reference Count : 1]<UL><LI> startup_msp432e401y_uvision.o(RESET)
</UL>
<P><STRONG><a name="[62]"></a>GPIOQ7_IRQHandler</STRONG> (Thumb, 0 bytes, Stack size 0 bytes, startup_msp432e401y_uvision.o(.text))
<BR>[Address Reference Count : 1]<UL><LI> startup_msp432e401y_uvision.o(RESET)
</UL>
<P><STRONG><a name="[33]"></a>HIBERNATE_IRQHandler</STRONG> (Thumb, 0 bytes, Stack size 0 bytes, startup_msp432e401y_uvision.o(.text))
<BR>[Address Reference Count : 1]<UL><LI> startup_msp432e401y_uvision.o(RESET)
</UL>
<P><STRONG><a name="[12]"></a>I2C0_IRQHandler</STRONG> (Thumb, 0 bytes, Stack size 0 bytes, startup_msp432e401y_uvision.o(.text))
<BR>[Address Reference Count : 1]<UL><LI> startup_msp432e401y_uvision.o(RESET)
</UL>
<P><STRONG><a name="[2f]"></a>I2C1_IRQHandler</STRONG> (Thumb, 0 bytes, Stack size 0 bytes, startup_msp432e401y_uvision.o(.text))
<BR>[Address Reference Count : 1]<UL><LI> startup_msp432e401y_uvision.o(RESET)
</UL>
<P><STRONG><a name="[47]"></a>I2C2_IRQHandler</STRONG> (Thumb, 0 bytes, Stack size 0 bytes, startup_msp432e401y_uvision.o(.text))
<BR>[Address Reference Count : 1]<UL><LI> startup_msp432e401y_uvision.o(RESET)
</UL>
<P><STRONG><a name="[48]"></a>I2C3_IRQHandler</STRONG> (Thumb, 0 bytes, Stack size 0 bytes, startup_msp432e401y_uvision.o(.text))
<BR>[Address Reference Count : 1]<UL><LI> startup_msp432e401y_uvision.o(RESET)
</UL>
<P><STRONG><a name="[4e]"></a>I2C4_IRQHandler</STRONG> (Thumb, 0 bytes, Stack size 0 bytes, startup_msp432e401y_uvision.o(.text))
<BR>[Address Reference Count : 1]<UL><LI> startup_msp432e401y_uvision.o(RESET)
</UL>
<P><STRONG><a name="[4f]"></a>I2C5_IRQHandler</STRONG> (Thumb, 0 bytes, Stack size 0 bytes, startup_msp432e401y_uvision.o(.text))
<BR>[Address Reference Count : 1]<UL><LI> startup_msp432e401y_uvision.o(RESET)
</UL>
<P><STRONG><a name="[6a]"></a>I2C6_IRQHandler</STRONG> (Thumb, 0 bytes, Stack size 0 bytes, startup_msp432e401y_uvision.o(.text))
<BR>[Address Reference Count : 1]<UL><LI> startup_msp432e401y_uvision.o(RESET)
</UL>
<P><STRONG><a name="[6b]"></a>I2C7_IRQHandler</STRONG> (Thumb, 0 bytes, Stack size 0 bytes, startup_msp432e401y_uvision.o(.text))
<BR>[Address Reference Count : 1]<UL><LI> startup_msp432e401y_uvision.o(RESET)
</UL>
<P><STRONG><a name="[6c]"></a>I2C8_IRQHandler</STRONG> (Thumb, 0 bytes, Stack size 0 bytes, startup_msp432e401y_uvision.o(.text))
<BR>[Address Reference Count : 1]<UL><LI> startup_msp432e401y_uvision.o(RESET)
</UL>
<P><STRONG><a name="[6d]"></a>I2C9_IRQHandler</STRONG> (Thumb, 0 bytes, Stack size 0 bytes, startup_msp432e401y_uvision.o(.text))
<BR>[Address Reference Count : 1]<UL><LI> startup_msp432e401y_uvision.o(RESET)
</UL>
<P><STRONG><a name="[14]"></a>PWM0_0_IRQHandler</STRONG> (Thumb, 0 bytes, Stack size 0 bytes, startup_msp432e401y_uvision.o(.text))
<BR>[Address Reference Count : 1]<UL><LI> startup_msp432e401y_uvision.o(RESET)
</UL>
<P><STRONG><a name="[15]"></a>PWM0_1_IRQHandler</STRONG> (Thumb, 0 bytes, Stack size 0 bytes, startup_msp432e401y_uvision.o(.text))
<BR>[Address Reference Count : 1]<UL><LI> startup_msp432e401y_uvision.o(RESET)
</UL>
<P><STRONG><a name="[16]"></a>PWM0_2_IRQHandler</STRONG> (Thumb, 0 bytes, Stack size 0 bytes, startup_msp432e401y_uvision.o(.text))
<BR>[Address Reference Count : 1]<UL><LI> startup_msp432e401y_uvision.o(RESET)
</UL>
<P><STRONG><a name="[35]"></a>PWM0_3_IRQHandler</STRONG> (Thumb, 0 bytes, Stack size 0 bytes, startup_msp432e401y_uvision.o(.text))
<BR>[Address Reference Count : 1]<UL><LI> startup_msp432e401y_uvision.o(RESET)
</UL>
<P><STRONG><a name="[13]"></a>PWM0_FAULT_IRQHandler</STRONG> (Thumb, 0 bytes, Stack size 0 bytes, startup_msp432e401y_uvision.o(.text))
<BR>[Address Reference Count : 1]<UL><LI> startup_msp432e401y_uvision.o(RESET)
</UL>
<P><STRONG><a name="[17]"></a>QEI0_IRQHandler</STRONG> (Thumb, 0 bytes, Stack size 0 bytes, startup_msp432e401y_uvision.o(.text))
<BR>[Address Reference Count : 1]<UL><LI> startup_msp432e401y_uvision.o(RESET)
</UL>
<P><STRONG><a name="[63]"></a>SHA0_IRQHandler</STRONG> (Thumb, 0 bytes, Stack size 0 bytes, startup_msp432e401y_uvision.o(.text))
<BR>[Address Reference Count : 1]<UL><LI> startup_msp432e401y_uvision.o(RESET)
</UL>
<P><STRONG><a name="[11]"></a>SSI0_IRQHandler</STRONG> (Thumb, 0 bytes, Stack size 0 bytes, startup_msp432e401y_uvision.o(.text))
<BR>[Address Reference Count : 1]<UL><LI> startup_msp432e401y_uvision.o(RESET)
</UL>
<P><STRONG><a name="[2c]"></a>SSI1_IRQHandler</STRONG> (Thumb, 0 bytes, Stack size 0 bytes, startup_msp432e401y_uvision.o(.text))
<BR>[Address Reference Count : 1]<UL><LI> startup_msp432e401y_uvision.o(RESET)
</UL>
<P><STRONG><a name="[40]"></a>SSI2_IRQHandler</STRONG> (Thumb, 0 bytes, Stack size 0 bytes, startup_msp432e401y_uvision.o(.text))
<BR>[Address Reference Count : 1]<UL><LI> startup_msp432e401y_uvision.o(RESET)
</UL>
<P><STRONG><a name="[41]"></a>SSI3_IRQHandler</STRONG> (Thumb, 0 bytes, Stack size 0 bytes, startup_msp432e401y_uvision.o(.text))
<BR>[Address Reference Count : 1]<UL><LI> startup_msp432e401y_uvision.o(RESET)
</UL>
<P><STRONG><a name="[26]"></a>SYSCTL_IRQHandler</STRONG> (Thumb, 0 bytes, Stack size 0 bytes, startup_msp432e401y_uvision.o(.text))
<BR>[Address Reference Count : 1]<UL><LI> startup_msp432e401y_uvision.o(RESET)
</UL>
<P><STRONG><a name="[4d]"></a>SYSEXC_IRQHandler</STRONG> (Thumb, 0 bytes, Stack size 0 bytes, startup_msp432e401y_uvision.o(.text))
<BR>[Address Reference Count : 1]<UL><LI> startup_msp432e401y_uvision.o(RESET)
</UL>
<P><STRONG><a name="[52]"></a>TAMPER0_IRQHandler</STRONG> (Thumb, 0 bytes, Stack size 0 bytes, startup_msp432e401y_uvision.o(.text))
<BR>[Address Reference Count : 1]<UL><LI> startup_msp432e401y_uvision.o(RESET)
</UL>
<P><STRONG><a name="[1d]"></a>TIMER0A_IRQHandler</STRONG> (Thumb, 0 bytes, Stack size 0 bytes, startup_msp432e401y_uvision.o(.text))
<BR>[Address Reference Count : 1]<UL><LI> startup_msp432e401y_uvision.o(RESET)
</UL>
<P><STRONG><a name="[1e]"></a>TIMER0B_IRQHandler</STRONG> (Thumb, 0 bytes, Stack size 0 bytes, startup_msp432e401y_uvision.o(.text))
<BR>[Address Reference Count : 1]<UL><LI> startup_msp432e401y_uvision.o(RESET)
</UL>
<P><STRONG><a name="[1f]"></a>TIMER1A_IRQHandler</STRONG> (Thumb, 0 bytes, Stack size 0 bytes, startup_msp432e401y_uvision.o(.text))
<BR>[Address Reference Count : 1]<UL><LI> startup_msp432e401y_uvision.o(RESET)
</UL>
<P><STRONG><a name="[20]"></a>TIMER1B_IRQHandler</STRONG> (Thumb, 0 bytes, Stack size 0 bytes, startup_msp432e401y_uvision.o(.text))
<BR>[Address Reference Count : 1]<UL><LI> startup_msp432e401y_uvision.o(RESET)
</UL>
<P><STRONG><a name="[21]"></a>TIMER2A_IRQHandler</STRONG> (Thumb, 0 bytes, Stack size 0 bytes, startup_msp432e401y_uvision.o(.text))
<BR>[Address Reference Count : 1]<UL><LI> startup_msp432e401y_uvision.o(RESET)
</UL>
<P><STRONG><a name="[22]"></a>TIMER2B_IRQHandler</STRONG> (Thumb, 0 bytes, Stack size 0 bytes, startup_msp432e401y_uvision.o(.text))
<BR>[Address Reference Count : 1]<UL><LI> startup_msp432e401y_uvision.o(RESET)
</UL>
<P><STRONG><a name="[2d]"></a>TIMER3A_IRQHandler</STRONG> (Thumb, 0 bytes, Stack size 0 bytes, startup_msp432e401y_uvision.o(.text))
<BR>[Address Reference Count : 1]<UL><LI> startup_msp432e401y_uvision.o(RESET)
</UL>
<P><STRONG><a name="[2e]"></a>TIMER3B_IRQHandler</STRONG> (Thumb, 0 bytes, Stack size 0 bytes, startup_msp432e401y_uvision.o(.text))
<BR>[Address Reference Count : 1]<UL><LI> startup_msp432e401y_uvision.o(RESET)
</UL>
<P><STRONG><a name="[49]"></a>TIMER4A_IRQHandler</STRONG> (Thumb, 0 bytes, Stack size 0 bytes, startup_msp432e401y_uvision.o(.text))
<BR>[Address Reference Count : 1]<UL><LI> startup_msp432e401y_uvision.o(RESET)
</UL>
<P><STRONG><a name="[4a]"></a>TIMER4B_IRQHandler</STRONG> (Thumb, 0 bytes, Stack size 0 bytes, startup_msp432e401y_uvision.o(.text))
<BR>[Address Reference Count : 1]<UL><LI> startup_msp432e401y_uvision.o(RESET)
</UL>
<P><STRONG><a name="[4b]"></a>TIMER5A_IRQHandler</STRONG> (Thumb, 0 bytes, Stack size 0 bytes, startup_msp432e401y_uvision.o(.text))
<BR>[Address Reference Count : 1]<UL><LI> startup_msp432e401y_uvision.o(RESET)
</UL>
<P><STRONG><a name="[4c]"></a>TIMER5B_IRQHandler</STRONG> (Thumb, 0 bytes, Stack size 0 bytes, startup_msp432e401y_uvision.o(.text))
<BR>[Address Reference Count : 1]<UL><LI> startup_msp432e401y_uvision.o(RESET)
</UL>
<P><STRONG><a name="[66]"></a>TIMER6A_IRQHandler</STRONG> (Thumb, 0 bytes, Stack size 0 bytes, startup_msp432e401y_uvision.o(.text))
<BR>[Address Reference Count : 1]<UL><LI> startup_msp432e401y_uvision.o(RESET)
</UL>
<P><STRONG><a name="[67]"></a>TIMER6B_IRQHandler</STRONG> (Thumb, 0 bytes, Stack size 0 bytes, startup_msp432e401y_uvision.o(.text))
<BR>[Address Reference Count : 1]<UL><LI> startup_msp432e401y_uvision.o(RESET)
</UL>
<P><STRONG><a name="[68]"></a>TIMER7A_IRQHandler</STRONG> (Thumb, 0 bytes, Stack size 0 bytes, startup_msp432e401y_uvision.o(.text))
<BR>[Address Reference Count : 1]<UL><LI> startup_msp432e401y_uvision.o(RESET)
</UL>
<P><STRONG><a name="[69]"></a>TIMER7B_IRQHandler</STRONG> (Thumb, 0 bytes, Stack size 0 bytes, startup_msp432e401y_uvision.o(.text))
<BR>[Address Reference Count : 1]<UL><LI> startup_msp432e401y_uvision.o(RESET)
</UL>
<P><STRONG><a name="[f]"></a>UART0_IRQHandler</STRONG> (Thumb, 0 bytes, Stack size 0 bytes, startup_msp432e401y_uvision.o(.text))
<BR>[Address Reference Count : 1]<UL><LI> startup_msp432e401y_uvision.o(RESET)
</UL>
<P><STRONG><a name="[10]"></a>UART1_IRQHandler</STRONG> (Thumb, 0 bytes, Stack size 0 bytes, startup_msp432e401y_uvision.o(.text))
<BR>[Address Reference Count : 1]<UL><LI> startup_msp432e401y_uvision.o(RESET)
</UL>
<P><STRONG><a name="[2b]"></a>UART2_IRQHandler</STRONG> (Thumb, 0 bytes, Stack size 0 bytes, startup_msp432e401y_uvision.o(.text))
<BR>[Address Reference Count : 1]<UL><LI> startup_msp432e401y_uvision.o(RESET)
</UL>
<P><STRONG><a name="[42]"></a>UART3_IRQHandler</STRONG> (Thumb, 0 bytes, Stack size 0 bytes, startup_msp432e401y_uvision.o(.text))
<BR>[Address Reference Count : 1]<UL><LI> startup_msp432e401y_uvision.o(RESET)
</UL>
<P><STRONG><a name="[43]"></a>UART4_IRQHandler</STRONG> (Thumb, 0 bytes, Stack size 0 bytes, startup_msp432e401y_uvision.o(.text))
<BR>[Address Reference Count : 1]<UL><LI> startup_msp432e401y_uvision.o(RESET)
</UL>
<P><STRONG><a name="[44]"></a>UART5_IRQHandler</STRONG> (Thumb, 0 bytes, Stack size 0 bytes, startup_msp432e401y_uvision.o(.text))
<BR>[Address Reference Count : 1]<UL><LI> startup_msp432e401y_uvision.o(RESET)
</UL>
<P><STRONG><a name="[45]"></a>UART6_IRQHandler</STRONG> (Thumb, 0 bytes, Stack size 0 bytes, startup_msp432e401y_uvision.o(.text))
<BR>[Address Reference Count : 1]<UL><LI> startup_msp432e401y_uvision.o(RESET)
</UL>
<P><STRONG><a name="[46]"></a>UART7_IRQHandler</STRONG> (Thumb, 0 bytes, Stack size 0 bytes, startup_msp432e401y_uvision.o(.text))
<BR>[Address Reference Count : 1]<UL><LI> startup_msp432e401y_uvision.o(RESET)
</UL>
<P><STRONG><a name="[37]"></a>UDMAERR_IRQHandler</STRONG> (Thumb, 0 bytes, Stack size 0 bytes, startup_msp432e401y_uvision.o(.text))
<BR>[Address Reference Count : 1]<UL><LI> startup_msp432e401y_uvision.o(RESET)
</UL>
<P><STRONG><a name="[36]"></a>UDMA_IRQHandler</STRONG> (Thumb, 0 bytes, Stack size 0 bytes, startup_msp432e401y_uvision.o(.text))
<BR>[Address Reference Count : 1]<UL><LI> startup_msp432e401y_uvision.o(RESET)
</UL>
<P><STRONG><a name="[34]"></a>USB0_IRQHandler</STRONG> (Thumb, 0 bytes, Stack size 0 bytes, startup_msp432e401y_uvision.o(.text))
<BR>[Address Reference Count : 1]<UL><LI> startup_msp432e401y_uvision.o(RESET)
</UL>
<P><STRONG><a name="[1c]"></a>WATCHDOG_IRQHandler</STRONG> (Thumb, 0 bytes, Stack size 0 bytes, startup_msp432e401y_uvision.o(.text))
<BR>[Address Reference Count : 1]<UL><LI> startup_msp432e401y_uvision.o(RESET)
</UL>
<P><STRONG><a name="[70]"></a>__user_initial_stackheap</STRONG> (Thumb, 10 bytes, Stack size 0 bytes, startup_msp432e401y_uvision.o(.text))
<BR><BR>[Called By]<UL><LI><a href="#[78]">&gt;&gt;</a>&nbsp;&nbsp;&nbsp;__user_setup_stackheap
</UL>

<P><STRONG><a name="[ae]"></a>__use_two_region_memory</STRONG> (Thumb, 2 bytes, Stack size 0 bytes, heapauxi.o(.text), UNUSED)

<P><STRONG><a name="[af]"></a>__rt_heap_escrow$2region</STRONG> (Thumb, 2 bytes, Stack size 0 bytes, heapauxi.o(.text), UNUSED)

<P><STRONG><a name="[b0]"></a>__rt_heap_expand$2region</STRONG> (Thumb, 2 bytes, Stack size 0 bytes, heapauxi.o(.text), UNUSED)

<P><STRONG><a name="[78]"></a>__user_setup_stackheap</STRONG> (Thumb, 74 bytes, Stack size 8 bytes, sys_stackheap_outer.o(.text))
<BR><BR>[Stack]<UL><LI>Max Depth = 8<LI>Call Chain = __user_setup_stackheap
</UL>
<BR>[Calls]<UL><LI><a href="#[82]">&gt;&gt;</a>&nbsp;&nbsp;&nbsp;__user_perproc_libspace
<LI><a href="#[70]">&gt;&gt;</a>&nbsp;&nbsp;&nbsp;__user_initial_stackheap
</UL>
<BR>[Called By]<UL><LI><a href="#[77]">&gt;&gt;</a>&nbsp;&nbsp;&nbsp;__rt_entry_sh
</UL>

<P><STRONG><a name="[7d]"></a>exit</STRONG> (Thumb, 18 bytes, Stack size 8 bytes, exit.o(.text))
<BR><BR>[Stack]<UL><LI>Max Depth = 8 + Unknown Stack Size
<LI>Call Chain = exit
</UL>
<BR>[Calls]<UL><LI><a href="#[83]">&gt;&gt;</a>&nbsp;&nbsp;&nbsp;__rt_exit
</UL>
<BR>[Called By]<UL><LI><a href="#[7b]">&gt;&gt;</a>&nbsp;&nbsp;&nbsp;__rt_entry_main
</UL>

<P><STRONG><a name="[b1]"></a>__user_libspace</STRONG> (Thumb, 8 bytes, Stack size 0 bytes, libspace.o(.text), UNUSED)

<P><STRONG><a name="[82]"></a>__user_perproc_libspace</STRONG> (Thumb, 0 bytes, Stack size 0 bytes, libspace.o(.text))
<BR><BR>[Called By]<UL><LI><a href="#[78]">&gt;&gt;</a>&nbsp;&nbsp;&nbsp;__user_setup_stackheap
</UL>

<P><STRONG><a name="[b2]"></a>__user_perthread_libspace</STRONG> (Thumb, 0 bytes, Stack size 0 bytes, libspace.o(.text), UNUSED)

<P><STRONG><a name="[81]"></a>_sys_exit</STRONG> (Thumb, 8 bytes, Stack size 0 bytes, sys_exit.o(.text))
<BR><BR>[Called By]<UL><LI><a href="#[80]">&gt;&gt;</a>&nbsp;&nbsp;&nbsp;__rt_exit_exit
</UL>

<P><STRONG><a name="[b3]"></a>__I$use$semihosting</STRONG> (Thumb, 0 bytes, Stack size 0 bytes, use_no_semi.o(.text), UNUSED)

<P><STRONG><a name="[b4]"></a>__use_no_semihosting_swi</STRONG> (Thumb, 2 bytes, Stack size 0 bytes, use_no_semi.o(.text), UNUSED)

<P><STRONG><a name="[b5]"></a>__semihosting_library_function</STRONG> (Thumb, 0 bytes, Stack size unknown bytes, indicate_semi.o(.text), UNUSED)

<P><STRONG><a name="[84]"></a>PortE_Init</STRONG> (Thumb, 62 bytes, Stack size 0 bytes, milestone3.o(.text.PortE_Init))
<BR><BR>[Called By]<UL><LI><a href="#[7c]">&gt;&gt;</a>&nbsp;&nbsp;&nbsp;main
</UL>

<P><STRONG><a name="[86]"></a>PortF_Init</STRONG> (Thumb, 62 bytes, Stack size 0 bytes, milestone3.o(.text.PortF_Init))
<BR><BR>[Called By]<UL><LI><a href="#[7c]">&gt;&gt;</a>&nbsp;&nbsp;&nbsp;main
</UL>

<P><STRONG><a name="[85]"></a>PortM_Init</STRONG> (Thumb, 74 bytes, Stack size 0 bytes, milestone3.o(.text.PortM_Init))
<BR><BR>[Called By]<UL><LI><a href="#[7c]">&gt;&gt;</a>&nbsp;&nbsp;&nbsp;main
</UL>

<P><STRONG><a name="[87]"></a>PortN_Init</STRONG> (Thumb, 62 bytes, Stack size 0 bytes, milestone3.o(.text.PortN_Init))
<BR><BR>[Called By]<UL><LI><a href="#[7c]">&gt;&gt;</a>&nbsp;&nbsp;&nbsp;main
</UL>

<P><STRONG><a name="[6e]"></a>SystemInit</STRONG> (Thumb, 36 bytes, Stack size 0 bytes, system_msp432e401y.o(.text.SystemInit))
<BR>[Address Reference Count : 1]<UL><LI> startup_msp432e401y_uvision.o(.text)
</UL>
<P><STRONG><a name="[88]"></a>bitconversion</STRONG> (Thumb, 430 bytes, Stack size 16 bytes, milestone3.o(.text.bitconversion))
<BR><BR>[Stack]<UL><LI>Max Depth = 16<LI>Call Chain = bitconversion
</UL>
<BR>[Called By]<UL><LI><a href="#[7c]">&gt;&gt;</a>&nbsp;&nbsp;&nbsp;main
</UL>

<P><STRONG><a name="[7c]"></a>main</STRONG> (Thumb, 1424 bytes, Stack size 80 bytes, milestone3.o(.text.main))
<BR><BR>[Stack]<UL><LI>Max Depth = 96<LI>Call Chain = main &rArr; bitconversion
</UL>
<BR>[Calls]<UL><LI><a href="#[89]">&gt;&gt;</a>&nbsp;&nbsp;&nbsp;setLED
<LI><a href="#[88]">&gt;&gt;</a>&nbsp;&nbsp;&nbsp;bitconversion
<LI><a href="#[86]">&gt;&gt;</a>&nbsp;&nbsp;&nbsp;PortF_Init
<LI><a href="#[87]">&gt;&gt;</a>&nbsp;&nbsp;&nbsp;PortN_Init
<LI><a href="#[85]">&gt;&gt;</a>&nbsp;&nbsp;&nbsp;PortM_Init
<LI><a href="#[84]">&gt;&gt;</a>&nbsp;&nbsp;&nbsp;PortE_Init
</UL>
<BR>[Called By]<UL><LI><a href="#[7b]">&gt;&gt;</a>&nbsp;&nbsp;&nbsp;__rt_entry_main
</UL>

<P><STRONG><a name="[89]"></a>setLED</STRONG> (Thumb, 280 bytes, Stack size 0 bytes, milestone3.o(.text.setLED))
<BR><BR>[Called By]<UL><LI><a href="#[7c]">&gt;&gt;</a>&nbsp;&nbsp;&nbsp;main
</UL>

<P><STRONG><a name="[76]"></a>_fp_init</STRONG> (Thumb, 26 bytes, Stack size 0 bytes, fpinit.o(x$fpl$fpinit))
<BR><BR>[Called By]<UL><LI><a href="#[75]">&gt;&gt;</a>&nbsp;&nbsp;&nbsp;__rt_lib_init_fp_1
</UL>

<P><STRONG><a name="[b6]"></a>__fplib_config_fpu_vfp</STRONG> (Thumb, 0 bytes, Stack size unknown bytes, fpinit.o(x$fpl$fpinit), UNUSED)

<P><STRONG><a name="[b7]"></a>__fplib_config_pureend_doubles</STRONG> (Thumb, 0 bytes, Stack size unknown bytes, fpinit.o(x$fpl$fpinit), UNUSED)
<P>
<H3>
Local Symbols
</H3><P>
<H3>
Undefined Global Symbols
</H3><HR></body></html>
